Found 2 test(s).
Skipping setup of unused database(s): default.
System check identified no issues (0 silenced).
